Starting up http-server, serving ./

http-server version: 14.1.1

http-server settings:
CORS: disabled
Cache: 3600 seconds
Connection Timeout: 120 seconds
Directory Listings: visible
AutoIndex: visible
Serve GZIP Files: false
Serve Brotli Files: false
Default File Extension: none

Available on:
  http://127.0.0.1:8080
  http://192.168.0.2:8080
Hit CTRL-C to stop the server

[2026-05-28T04:45:03.216Z]  "GET /" "curl/8.5.0"
(node:127812) [DEP0066] DeprecationWarning: OutgoingMessage.prototype._headers is deprecated
(Use `node --trace-deprecation ...` to show where the warning was created)
[2026-05-28T04:51:08.132Z]  "GET /" "undefined"
[2026-05-28T04:51:08.139Z]  "GET /" "undefined"
[2026-05-28T04:51:14.370Z]  "GET /" "Mozilla/5.0 (Windows NT 10.0; Win64; x64) AppleWebKit/537.36 (KHTML, like Gecko) Chrome/148.0.7778.96 Safari/537.36"
[2026-05-28T04:51:14.381Z]  "GET /src/Game.js" "Mozilla/5.0 (Windows NT 10.0; Win64; x64) AppleWebKit/537.36 (KHTML, like Gecko) Chrome/148.0.7778.96 Safari/537.36"
[2026-05-28T04:51:14.406Z]  "GET /src/Player.js" "Mozilla/5.0 (Windows NT 10.0; Win64; x64) AppleWebKit/537.36 (KHTML, like Gecko) Chrome/148.0.7778.96 Safari/537.36"
[2026-05-28T04:51:14.408Z]  "GET /src/Ball.js" "Mozilla/5.0 (Windows NT 10.0; Win64; x64) AppleWebKit/537.36 (KHTML, like Gecko) Chrome/148.0.7778.96 Safari/537.36"
[2026-05-28T04:51:14.409Z]  "GET /src/Renderer.js" "Mozilla/5.0 (Windows NT 10.0; Win64; x64) AppleWebKit/537.36 (KHTML, like Gecko) Chrome/148.0.7778.96 Safari/537.36"
[2026-05-28T04:51:14.412Z]  "GET /src/Network.js" "Mozilla/5.0 (Windows NT 10.0; Win64; x64) AppleWebKit/537.36 (KHTML, like Gecko) Chrome/148.0.7778.96 Safari/537.36"
[2026-05-28T04:51:14.420Z]  "GET /src/AudioManager.js" "Mozilla/5.0 (Windows NT 10.0; Win64; x64) AppleWebKit/537.36 (KHTML, like Gecko) Chrome/148.0.7778.96 Safari/537.36"
[2026-05-28T04:52:31.409Z]  "GET /" "undefined"
[2026-05-28T04:52:31.416Z]  "GET /" "undefined"
[2026-05-28T04:52:32.487Z]  "GET /" "Mozilla/5.0 (Windows NT 10.0; Win64; x64) AppleWebKit/537.36 (KHTML, like Gecko) Chrome/148.0.7778.96 Safari/537.36"
[2026-05-28T04:52:32.495Z]  "GET /src/Game.js" "Mozilla/5.0 (Windows NT 10.0; Win64; x64) AppleWebKit/537.36 (KHTML, like Gecko) Chrome/148.0.7778.96 Safari/537.36"
[2026-05-28T04:52:32.504Z]  "GET /src/Player.js" "Mozilla/5.0 (Windows NT 10.0; Win64; x64) AppleWebKit/537.36 (KHTML, like Gecko) Chrome/148.0.7778.96 Safari/537.36"
[2026-05-28T04:52:32.505Z]  "GET /src/Ball.js" "Mozilla/5.0 (Windows NT 10.0; Win64; x64) AppleWebKit/537.36 (KHTML, like Gecko) Chrome/148.0.7778.96 Safari/537.36"
[2026-05-28T04:52:32.505Z]  "GET /src/Renderer.js" "Mozilla/5.0 (Windows NT 10.0; Win64; x64) AppleWebKit/537.36 (KHTML, like Gecko) Chrome/148.0.7778.96 Safari/537.36"
[2026-05-28T04:52:32.506Z]  "GET /src/Network.js" "Mozilla/5.0 (Windows NT 10.0; Win64; x64) AppleWebKit/537.36 (KHTML, like Gecko) Chrome/148.0.7778.96 Safari/537.36"
[2026-05-28T04:52:32.506Z]  "GET /src/AudioManager.js" "Mozilla/5.0 (Windows NT 10.0; Win64; x64) AppleWebKit/537.36 (KHTML, like Gecko) Chrome/148.0.7778.96 Safari/537.36"
[2026-05-28T04:54:12.584Z]  "GET /" "undefined"
[2026-05-28T04:54:12.590Z]  "GET /" "undefined"
[2026-05-28T04:54:44.401Z]  "GET /" "undefined"
[2026-05-28T04:54:44.408Z]  "GET /" "undefined"
[2026-05-28T04:54:45.596Z]  "GET /" "Mozilla/5.0 (Windows NT 10.0; Win64; x64) AppleWebKit/537.36 (KHTML, like Gecko) Chrome/148.0.7778.96 Safari/537.36"
[2026-05-28T04:54:45.611Z]  "GET /src/Game.js" "Mozilla/5.0 (Windows NT 10.0; Win64; x64) AppleWebKit/537.36 (KHTML, like Gecko) Chrome/148.0.7778.96 Safari/537.36"
[2026-05-28T04:54:45.645Z]  "GET /src/Player.js" "Mozilla/5.0 (Windows NT 10.0; Win64; x64) AppleWebKit/537.36 (KHTML, like Gecko) Chrome/148.0.7778.96 Safari/537.36"
[2026-05-28T04:54:45.646Z]  "GET /src/Ball.js" "Mozilla/5.0 (Windows NT 10.0; Win64; x64) AppleWebKit/537.36 (KHTML, like Gecko) Chrome/148.0.7778.96 Safari/537.36"
[2026-05-28T04:54:45.646Z]  "GET /src/Renderer.js" "Mozilla/5.0 (Windows NT 10.0; Win64; x64) AppleWebKit/537.36 (KHTML, like Gecko) Chrome/148.0.7778.96 Safari/537.36"
[2026-05-28T04:54:45.646Z]  "GET /src/Network.js" "Mozilla/5.0 (Windows NT 10.0; Win64; x64) AppleWebKit/537.36 (KHTML, like Gecko) Chrome/148.0.7778.96 Safari/537.36"
[2026-05-28T04:54:45.648Z]  "GET /src/AudioManager.js" "Mozilla/5.0 (Windows NT 10.0; Win64; x64) AppleWebKit/537.36 (KHTML, like Gecko) Chrome/148.0.7778.96 Safari/537.36"
[2026-05-28T04:55:16.853Z]  "GET /" "undefined"
[2026-05-28T04:55:16.859Z]  "GET /" "undefined"
[2026-05-28T04:55:17.891Z]  "GET /" "Mozilla/5.0 (Windows NT 10.0; Win64; x64) AppleWebKit/537.36 (KHTML, like Gecko) Chrome/148.0.7778.96 Safari/537.36"
[2026-05-28T04:55:17.898Z]  "GET /src/Game.js" "Mozilla/5.0 (Windows NT 10.0; Win64; x64) AppleWebKit/537.36 (KHTML, like Gecko) Chrome/148.0.7778.96 Safari/537.36"
[2026-05-28T04:55:17.906Z]  "GET /src/Player.js" "Mozilla/5.0 (Windows NT 10.0; Win64; x64) AppleWebKit/537.36 (KHTML, like Gecko) Chrome/148.0.7778.96 Safari/537.36"
[2026-05-28T04:55:17.910Z]  "GET /src/Ball.js" "Mozilla/5.0 (Windows NT 10.0; Win64; x64) AppleWebKit/537.36 (KHTML, like Gecko) Chrome/148.0.7778.96 Safari/537.36"
[2026-05-28T04:55:17.910Z]  "GET /src/Renderer.js" "Mozilla/5.0 (Windows NT 10.0; Win64; x64) AppleWebKit/537.36 (KHTML, like Gecko) Chrome/148.0.7778.96 Safari/537.36"
[2026-05-28T04:55:17.911Z]  "GET /src/Network.js" "Mozilla/5.0 (Windows NT 10.0; Win64; x64) AppleWebKit/537.36 (KHTML, like Gecko) Chrome/148.0.7778.96 Safari/537.36"
[2026-05-28T04:55:17.911Z]  "GET /src/AudioManager.js" "Mozilla/5.0 (Windows NT 10.0; Win64; x64) AppleWebKit/537.36 (KHTML, like Gecko) Chrome/148.0.7778.96 Safari/537.36"
[2026-05-28T04:56:42.519Z]  "GET /" "undefined"
[2026-05-28T04:56:42.526Z]  "GET /" "undefined"
[2026-05-28T04:56:43.576Z]  "GET /" "Mozilla/5.0 (Windows NT 10.0; Win64; x64) AppleWebKit/537.36 (KHTML, like Gecko) Chrome/148.0.7778.96 Safari/537.36"
[2026-05-28T04:56:43.583Z]  "GET /src/Game.js" "Mozilla/5.0 (Windows NT 10.0; Win64; x64) AppleWebKit/537.36 (KHTML, like Gecko) Chrome/148.0.7778.96 Safari/537.36"
[2026-05-28T04:56:43.593Z]  "GET /src/Player.js" "Mozilla/5.0 (Windows NT 10.0; Win64; x64) AppleWebKit/537.36 (KHTML, like Gecko) Chrome/148.0.7778.96 Safari/537.36"
[2026-05-28T04:56:43.593Z]  "GET /src/Ball.js" "Mozilla/5.0 (Windows NT 10.0; Win64; x64) AppleWebKit/537.36 (KHTML, like Gecko) Chrome/148.0.7778.96 Safari/537.36"
[2026-05-28T04:56:43.593Z]  "GET /src/Renderer.js" "Mozilla/5.0 (Windows NT 10.0; Win64; x64) AppleWebKit/537.36 (KHTML, like Gecko) Chrome/148.0.7778.96 Safari/537.36"
[2026-05-28T04:56:43.594Z]  "GET /src/Network.js" "Mozilla/5.0 (Windows NT 10.0; Win64; x64) AppleWebKit/537.36 (KHTML, like Gecko) Chrome/148.0.7778.96 Safari/537.36"
[2026-05-28T04:56:43.594Z]  "GET /src/AudioManager.js" "Mozilla/5.0 (Windows NT 10.0; Win64; x64) AppleWebKit/537.36 (KHTML, like Gecko) Chrome/148.0.7778.96 Safari/537.36"
[2026-05-28T04:57:21.500Z]  "GET /" "undefined"
[2026-05-28T04:57:21.506Z]  "GET /" "undefined"
[2026-05-28T04:57:22.517Z]  "GET /" "Mozilla/5.0 (Windows NT 10.0; Win64; x64) AppleWebKit/537.36 (KHTML, like Gecko) Chrome/148.0.7778.96 Safari/537.36"
[2026-05-28T04:57:22.524Z]  "GET /src/Game.js" "Mozilla/5.0 (Windows NT 10.0; Win64; x64) AppleWebKit/537.36 (KHTML, like Gecko) Chrome/148.0.7778.96 Safari/537.36"
[2026-05-28T04:57:22.533Z]  "GET /src/Player.js" "Mozilla/5.0 (Windows NT 10.0; Win64; x64) AppleWebKit/537.36 (KHTML, like Gecko) Chrome/148.0.7778.96 Safari/537.36"
[2026-05-28T04:57:22.533Z]  "GET /src/Ball.js" "Mozilla/5.0 (Windows NT 10.0; Win64; x64) AppleWebKit/537.36 (KHTML, like Gecko) Chrome/148.0.7778.96 Safari/537.36"
[2026-05-28T04:57:22.534Z]  "GET /src/Renderer.js" "Mozilla/5.0 (Windows NT 10.0; Win64; x64) AppleWebKit/537.36 (KHTML, like Gecko) Chrome/148.0.7778.96 Safari/537.36"
[2026-05-28T04:57:22.534Z]  "GET /src/Network.js" "Mozilla/5.0 (Windows NT 10.0; Win64; x64) AppleWebKit/537.36 (KHTML, like Gecko) Chrome/148.0.7778.96 Safari/537.36"
[2026-05-28T04:57:22.534Z]  "GET /src/AudioManager.js" "Mozilla/5.0 (Windows NT 10.0; Win64; x64) AppleWebKit/537.36 (KHTML, like Gecko) Chrome/148.0.7778.96 Safari/537.36"
[2026-05-28T04:58:08.324Z]  "GET /" "undefined"
[2026-05-28T04:58:08.330Z]  "GET /" "undefined"
[2026-05-28T04:58:09.284Z]  "GET /" "Mozilla/5.0 (Windows NT 10.0; Win64; x64) AppleWebKit/537.36 (KHTML, like Gecko) Chrome/148.0.7778.96 Safari/537.36"
[2026-05-28T04:58:09.292Z]  "GET /src/Game.js" "Mozilla/5.0 (Windows NT 10.0; Win64; x64) AppleWebKit/537.36 (KHTML, like Gecko) Chrome/148.0.7778.96 Safari/537.36"
[2026-05-28T04:58:09.301Z]  "GET /src/Player.js" "Mozilla/5.0 (Windows NT 10.0; Win64; x64) AppleWebKit/537.36 (KHTML, like Gecko) Chrome/148.0.7778.96 Safari/537.36"
[2026-05-28T04:58:09.301Z]  "GET /src/Ball.js" "Mozilla/5.0 (Windows NT 10.0; Win64; x64) AppleWebKit/537.36 (KHTML, like Gecko) Chrome/148.0.7778.96 Safari/537.36"
[2026-05-28T04:58:09.302Z]  "GET /src/Renderer.js" "Mozilla/5.0 (Windows NT 10.0; Win64; x64) AppleWebKit/537.36 (KHTML, like Gecko) Chrome/148.0.7778.96 Safari/537.36"
[2026-05-28T04:58:09.302Z]  "GET /src/Network.js" "Mozilla/5.0 (Windows NT 10.0; Win64; x64) AppleWebKit/537.36 (KHTML, like Gecko) Chrome/148.0.7778.96 Safari/537.36"
[2026-05-28T04:58:09.302Z]  "GET /src/AudioManager.js" "Mozilla/5.0 (Windows NT 10.0; Win64; x64) AppleWebKit/537.36 (KHTML, like Gecko) Chrome/148.0.7778.96 Safari/537.36"
[2026-05-28T04:58:32.789Z]  "GET /" "undefined"
[2026-05-28T04:58:32.795Z]  "GET /" "undefined"
[2026-05-28T04:58:34.015Z]  "GET /" "Mozilla/5.0 (Windows NT 10.0; Win64; x64) AppleWebKit/537.36 (KHTML, like Gecko) Chrome/148.0.7778.96 Safari/537.36"
[2026-05-28T04:58:34.023Z]  "GET /src/Game.js" "Mozilla/5.0 (Windows NT 10.0; Win64; x64) AppleWebKit/537.36 (KHTML, like Gecko) Chrome/148.0.7778.96 Safari/537.36"
[2026-05-28T04:58:34.032Z]  "GET /src/Player.js" "Mozilla/5.0 (Windows NT 10.0; Win64; x64) AppleWebKit/537.36 (KHTML, like Gecko) Chrome/148.0.7778.96 Safari/537.36"
[2026-05-28T04:58:34.034Z]  "GET /src/Ball.js" "Mozilla/5.0 (Windows NT 10.0; Win64; x64) AppleWebKit/537.36 (KHTML, like Gecko) Chrome/148.0.7778.96 Safari/537.36"
[2026-05-28T04:58:34.043Z]  "GET /src/Renderer.js" "Mozilla/5.0 (Windows NT 10.0; Win64; x64) AppleWebKit/537.36 (KHTML, like Gecko) Chrome/148.0.7778.96 Safari/537.36"
[2026-05-28T04:58:34.043Z]  "GET /src/Network.js" "Mozilla/5.0 (Windows NT 10.0; Win64; x64) AppleWebKit/537.36 (KHTML, like Gecko) Chrome/148.0.7778.96 Safari/537.36"
[2026-05-28T04:58:34.044Z]  "GET /src/AudioManager.js" "Mozilla/5.0 (Windows NT 10.0; Win64; x64) AppleWebKit/537.36 (KHTML, like Gecko) Chrome/148.0.7778.96 Safari/537.36"
[2026-05-28T04:58:34.518Z]  "GET /" "Mozilla/5.0 (Windows NT 10.0; Win64; x64) AppleWebKit/537.36 (KHTML, like Gecko) Chrome/148.0.7778.96 Safari/537.36"
[2026-05-28T04:58:34.530Z]  "GET /src/Game.js" "Mozilla/5.0 (Windows NT 10.0; Win64; x64) AppleWebKit/537.36 (KHTML, like Gecko) Chrome/148.0.7778.96 Safari/537.36"
[2026-05-28T04:58:34.542Z]  "GET /src/Player.js" "Mozilla/5.0 (Windows NT 10.0; Win64; x64) AppleWebKit/537.36 (KHTML, like Gecko) Chrome/148.0.7778.96 Safari/537.36"
[2026-05-28T04:58:34.543Z]  "GET /src/Ball.js" "Mozilla/5.0 (Windows NT 10.0; Win64; x64) AppleWebKit/537.36 (KHTML, like Gecko) Chrome/148.0.7778.96 Safari/537.36"
[2026-05-28T04:58:34.544Z]  "GET /src/Renderer.js" "Mozilla/5.0 (Windows NT 10.0; Win64; x64) AppleWebKit/537.36 (KHTML, like Gecko) Chrome/148.0.7778.96 Safari/537.36"
[2026-05-28T04:58:34.544Z]  "GET /src/Network.js" "Mozilla/5.0 (Windows NT 10.0; Win64; x64) AppleWebKit/537.36 (KHTML, like Gecko) Chrome/148.0.7778.96 Safari/537.36"
[2026-05-28T04:58:34.545Z]  "GET /src/AudioManager.js" "Mozilla/5.0 (Windows NT 10.0; Win64; x64) AppleWebKit/537.36 (KHTML, like Gecko) Chrome/148.0.7778.96 Safari/537.36"
[2026-05-28T04:58:34.899Z]  "GET /" "Mozilla/5.0 (Windows NT 10.0; Win64; x64) AppleWebKit/537.36 (KHTML, like Gecko) Chrome/148.0.7778.96 Safari/537.36"
[2026-05-28T04:58:34.907Z]  "GET /src/Game.js" "Mozilla/5.0 (Windows NT 10.0; Win64; x64) AppleWebKit/537.36 (KHTML, like Gecko) Chrome/148.0.7778.96 Safari/537.36"
[2026-05-28T04:58:34.917Z]  "GET /src/Player.js" "Mozilla/5.0 (Windows NT 10.0; Win64; x64) AppleWebKit/537.36 (KHTML, like Gecko) Chrome/148.0.7778.96 Safari/537.36"
[2026-05-28T04:58:34.920Z]  "GET /src/Ball.js" "Mozilla/5.0 (Windows NT 10.0; Win64; x64) AppleWebKit/537.36 (KHTML, like Gecko) Chrome/148.0.7778.96 Safari/537.36"
[2026-05-28T04:58:34.921Z]  "GET /src/Renderer.js" "Mozilla/5.0 (Windows NT 10.0; Win64; x64) AppleWebKit/537.36 (KHTML, like Gecko) Chrome/148.0.7778.96 Safari/537.36"
[2026-05-28T04:58:34.921Z]  "GET /src/Network.js" "Mozilla/5.0 (Windows NT 10.0; Win64; x64) AppleWebKit/537.36 (KHTML, like Gecko) Chrome/148.0.7778.96 Safari/537.36"
[2026-05-28T04:58:34.921Z]  "GET /src/AudioManager.js" "Mozilla/5.0 (Windows NT 10.0; Win64; x64) AppleWebKit/537.36 (KHTML, like Gecko) Chrome/148.0.7778.96 Safari/537.36"
[2026-05-28T04:58:35.296Z]  "GET /" "Mozilla/5.0 (Windows NT 10.0; Win64; x64) AppleWebKit/537.36 (KHTML, like Gecko) Chrome/148.0.7778.96 Safari/537.36"
[2026-05-28T04:58:35.303Z]  "GET /src/Game.js" "Mozilla/5.0 (Windows NT 10.0; Win64; x64) AppleWebKit/537.36 (KHTML, like Gecko) Chrome/148.0.7778.96 Safari/537.36"
[2026-05-28T04:58:35.308Z]  "GET /src/Player.js" "Mozilla/5.0 (Windows NT 10.0; Win64; x64) AppleWebKit/537.36 (KHTML, like Gecko) Chrome/148.0.7778.96 Safari/537.36"
[2026-05-28T04:58:35.314Z]  "GET /src/Ball.js" "Mozilla/5.0 (Windows NT 10.0; Win64; x64) AppleWebKit/537.36 (KHTML, like Gecko) Chrome/148.0.7778.96 Safari/537.36"
[2026-05-28T04:58:35.314Z]  "GET /src/Renderer.js" "Mozilla/5.0 (Windows NT 10.0; Win64; x64) AppleWebKit/537.36 (KHTML, like Gecko) Chrome/148.0.7778.96 Safari/537.36"
[2026-05-28T04:58:35.314Z]  "GET /src/Network.js" "Mozilla/5.0 (Windows NT 10.0; Win64; x64) AppleWebKit/537.36 (KHTML, like Gecko) Chrome/148.0.7778.96 Safari/537.36"
[2026-05-28T04:58:35.315Z]  "GET /src/AudioManager.js" "Mozilla/5.0 (Windows NT 10.0; Win64; x64) AppleWebKit/537.36 (KHTML, like Gecko) Chrome/148.0.7778.96 Safari/537.36"
[2026-05-28T04:59:55.749Z]  "GET /" "undefined"
[2026-05-28T04:59:55.755Z]  "GET /" "undefined"
[2026-05-28T04:59:56.961Z]  "GET /" "Mozilla/5.0 (Windows NT 10.0; Win64; x64) AppleWebKit/537.36 (KHTML, like Gecko) Chrome/148.0.7778.96 Safari/537.36"
[2026-05-28T04:59:56.976Z]  "GET /src/Game.js" "Mozilla/5.0 (Windows NT 10.0; Win64; x64) AppleWebKit/537.36 (KHTML, like Gecko) Chrome/148.0.7778.96 Safari/537.36"
[2026-05-28T04:59:56.998Z]  "GET /src/Player.js" "Mozilla/5.0 (Windows NT 10.0; Win64; x64) AppleWebKit/537.36 (KHTML, like Gecko) Chrome/148.0.7778.96 Safari/537.36"
[2026-05-28T04:59:56.999Z]  "GET /src/Ball.js" "Mozilla/5.0 (Windows NT 10.0; Win64; x64) AppleWebKit/537.36 (KHTML, like Gecko) Chrome/148.0.7778.96 Safari/537.36"
[2026-05-28T04:59:56.999Z]  "GET /src/Renderer.js" "Mozilla/5.0 (Windows NT 10.0; Win64; x64) AppleWebKit/537.36 (KHTML, like Gecko) Chrome/148.0.7778.96 Safari/537.36"
[2026-05-28T04:59:57.000Z]  "GET /src/Network.js" "Mozilla/5.0 (Windows NT 10.0; Win64; x64) AppleWebKit/537.36 (KHTML, like Gecko) Chrome/148.0.7778.96 Safari/537.36"
[2026-05-28T04:59:57.000Z]  "GET /src/AudioManager.js" "Mozilla/5.0 (Windows NT 10.0; Win64; x64) AppleWebKit/537.36 (KHTML, like Gecko) Chrome/148.0.7778.96 Safari/537.36"
[2026-05-28T04:59:57.391Z]  "GET /" "Mozilla/5.0 (Windows NT 10.0; Win64; x64) AppleWebKit/537.36 (KHTML, like Gecko) Chrome/148.0.7778.96 Safari/537.36"
[2026-05-28T04:59:57.399Z]  "GET /src/Game.js" "Mozilla/5.0 (Windows NT 10.0; Win64; x64) AppleWebKit/537.36 (KHTML, like Gecko) Chrome/148.0.7778.96 Safari/537.36"
[2026-05-28T04:59:57.412Z]  "GET /src/Player.js" "Mozilla/5.0 (Windows NT 10.0; Win64; x64) AppleWebKit/537.36 (KHTML, like Gecko) Chrome/148.0.7778.96 Safari/537.36"
[2026-05-28T04:59:57.413Z]  "GET /src/Ball.js" "Mozilla/5.0 (Windows NT 10.0; Win64; x64) AppleWebKit/537.36 (KHTML, like Gecko) Chrome/148.0.7778.96 Safari/537.36"
[2026-05-28T04:59:57.414Z]  "GET /src/Renderer.js" "Mozilla/5.0 (Windows NT 10.0; Win64; x64) AppleWebKit/537.36 (KHTML, like Gecko) Chrome/148.0.7778.96 Safari/537.36"
[2026-05-28T04:59:57.415Z]  "GET /src/Network.js" "Mozilla/5.0 (Windows NT 10.0; Win64; x64) AppleWebKit/537.36 (KHTML, like Gecko) Chrome/148.0.7778.96 Safari/537.36"
[2026-05-28T04:59:57.415Z]  "GET /src/AudioManager.js" "Mozilla/5.0 (Windows NT 10.0; Win64; x64) AppleWebKit/537.36 (KHTML, like Gecko) Chrome/148.0.7778.96 Safari/537.36"
[2026-05-28T04:59:57.743Z]  "GET /" "Mozilla/5.0 (Windows NT 10.0; Win64; x64) AppleWebKit/537.36 (KHTML, like Gecko) Chrome/148.0.7778.96 Safari/537.36"
[2026-05-28T04:59:57.751Z]  "GET /src/Game.js" "Mozilla/5.0 (Windows NT 10.0; Win64; x64) AppleWebKit/537.36 (KHTML, like Gecko) Chrome/148.0.7778.96 Safari/537.36"
[2026-05-28T04:59:57.758Z]  "GET /src/Player.js" "Mozilla/5.0 (Windows NT 10.0; Win64; x64) AppleWebKit/537.36 (KHTML, like Gecko) Chrome/148.0.7778.96 Safari/537.36"
[2026-05-28T04:59:57.760Z]  "GET /src/Ball.js" "Mozilla/5.0 (Windows NT 10.0; Win64; x64) AppleWebKit/537.36 (KHTML, like Gecko) Chrome/148.0.7778.96 Safari/537.36"
[2026-05-28T04:59:57.761Z]  "GET /src/Renderer.js" "Mozilla/5.0 (Windows NT 10.0; Win64; x64) AppleWebKit/537.36 (KHTML, like Gecko) Chrome/148.0.7778.96 Safari/537.36"
[2026-05-28T04:59:57.761Z]  "GET /src/Network.js" "Mozilla/5.0 (Windows NT 10.0; Win64; x64) AppleWebKit/537.36 (KHTML, like Gecko) Chrome/148.0.7778.96 Safari/537.36"
[2026-05-28T04:59:57.762Z]  "GET /src/AudioManager.js" "Mozilla/5.0 (Windows NT 10.0; Win64; x64) AppleWebKit/537.36 (KHTML, like Gecko) Chrome/148.0.7778.96 Safari/537.36"
[2026-05-28T04:59:58.083Z]  "GET /" "Mozilla/5.0 (Windows NT 10.0; Win64; x64) AppleWebKit/537.36 (KHTML, like Gecko) Chrome/148.0.7778.96 Safari/537.36"
[2026-05-28T04:59:58.094Z]  "GET /src/Game.js" "Mozilla/5.0 (Windows NT 10.0; Win64; x64) AppleWebKit/537.36 (KHTML, like Gecko) Chrome/148.0.7778.96 Safari/537.36"
[2026-05-28T04:59:58.111Z]  "GET /src/Player.js" "Mozilla/5.0 (Windows NT 10.0; Win64; x64) AppleWebKit/537.36 (KHTML, like Gecko) Chrome/148.0.7778.96 Safari/537.36"
[2026-05-28T04:59:58.112Z]  "GET /src/Ball.js" "Mozilla/5.0 (Windows NT 10.0; Win64; x64) AppleWebKit/537.36 (KHTML, like Gecko) Chrome/148.0.7778.96 Safari/537.36"
[2026-05-28T04:59:58.114Z]  "GET /src/Renderer.js" "Mozilla/5.0 (Windows NT 10.0; Win64; x64) AppleWebKit/537.36 (KHTML, like Gecko) Chrome/148.0.7778.96 Safari/537.36"
[2026-05-28T04:59:58.117Z]  "GET /src/Network.js" "Mozilla/5.0 (Windows NT 10.0; Win64; x64) AppleWebKit/537.36 (KHTML, like Gecko) Chrome/148.0.7778.96 Safari/537.36"
[2026-05-28T04:59:58.117Z]  "GET /src/AudioManager.js" "Mozilla/5.0 (Windows NT 10.0; Win64; x64) AppleWebKit/537.36 (KHTML, like Gecko) Chrome/148.0.7778.96 Safari/537.36"
[2026-05-28T05:01:45.565Z]  "GET /" "undefined"
[2026-05-28T05:01:45.571Z]  "GET /" "undefined"
[2026-05-28T05:01:46.593Z]  "GET /" "Mozilla/5.0 (Windows NT 10.0; Win64; x64) AppleWebKit/537.36 (KHTML, like Gecko) Chrome/148.0.7778.96 Safari/537.36"
[2026-05-28T05:01:46.600Z]  "GET /src/Game.js" "Mozilla/5.0 (Windows NT 10.0; Win64; x64) AppleWebKit/537.36 (KHTML, like Gecko) Chrome/148.0.7778.96 Safari/537.36"
[2026-05-28T05:01:46.609Z]  "GET /src/Player.js" "Mozilla/5.0 (Windows NT 10.0; Win64; x64) AppleWebKit/537.36 (KHTML, like Gecko) Chrome/148.0.7778.96 Safari/537.36"
[2026-05-28T05:01:46.609Z]  "GET /src/Ball.js" "Mozilla/5.0 (Windows NT 10.0; Win64; x64) AppleWebKit/537.36 (KHTML, like Gecko) Chrome/148.0.7778.96 Safari/537.36"
[2026-05-28T05:01:46.610Z]  "GET /src/Renderer.js" "Mozilla/5.0 (Windows NT 10.0; Win64; x64) AppleWebKit/537.36 (KHTML, like Gecko) Chrome/148.0.7778.96 Safari/537.36"
[2026-05-28T05:01:46.610Z]  "GET /src/Network.js" "Mozilla/5.0 (Windows NT 10.0; Win64; x64) AppleWebKit/537.36 (KHTML, like Gecko) Chrome/148.0.7778.96 Safari/537.36"
[2026-05-28T05:01:46.610Z]  "GET /src/AudioManager.js" "Mozilla/5.0 (Windows NT 10.0; Win64; x64) AppleWebKit/537.36 (KHTML, like Gecko) Chrome/148.0.7778.96 Safari/537.36"
[2026-05-28T05:02:29.480Z]  "GET /" "undefined"
[2026-05-28T05:02:29.486Z]  "GET /" "undefined"
[2026-05-28T05:02:30.498Z]  "GET /" "Mozilla/5.0 (Windows NT 10.0; Win64; x64) AppleWebKit/537.36 (KHTML, like Gecko) Chrome/148.0.7778.96 Safari/537.36"
[2026-05-28T05:02:30.506Z]  "GET /src/Game.js" "Mozilla/5.0 (Windows NT 10.0; Win64; x64) AppleWebKit/537.36 (KHTML, like Gecko) Chrome/148.0.7778.96 Safari/537.36"
[2026-05-28T05:02:30.512Z]  "GET /src/Player.js" "Mozilla/5.0 (Windows NT 10.0; Win64; x64) AppleWebKit/537.36 (KHTML, like Gecko) Chrome/148.0.7778.96 Safari/537.36"
[2026-05-28T05:02:30.515Z]  "GET /src/Ball.js" "Mozilla/5.0 (Windows NT 10.0; Win64; x64) AppleWebKit/537.36 (KHTML, like Gecko) Chrome/148.0.7778.96 Safari/537.36"
[2026-05-28T05:02:30.515Z]  "GET /src/Renderer.js" "Mozilla/5.0 (Windows NT 10.0; Win64; x64) AppleWebKit/537.36 (KHTML, like Gecko) Chrome/148.0.7778.96 Safari/537.36"
[2026-05-28T05:02:30.515Z]  "GET /src/Network.js" "Mozilla/5.0 (Windows NT 10.0; Win64; x64) AppleWebKit/537.36 (KHTML, like Gecko) Chrome/148.0.7778.96 Safari/537.36"
[2026-05-28T05:02:30.516Z]  "GET /src/AudioManager.js" "Mozilla/5.0 (Windows NT 10.0; Win64; x64) AppleWebKit/537.36 (KHTML, like Gecko) Chrome/148.0.7778.96 Safari/537.36"
[2026-05-28T13:59:28.520Z]  "GET /" "undefined"
[2026-05-28T13:59:28.574Z]  "GET /" "undefined"
[2026-05-28T13:59:32.282Z]  "GET /" "Mozilla/5.0 (Windows NT 10.0; Win64; x64) AppleWebKit/537.36 (KHTML, like Gecko) Chrome/148.0.7778.96 Safari/537.36"
[2026-05-28T13:59:32.286Z]  "GET /" "Mozilla/5.0 (Windows NT 10.0; Win64; x64) AppleWebKit/537.36 (KHTML, like Gecko) Chrome/148.0.7778.96 Safari/537.36"
[2026-05-28T13:59:32.322Z]  "GET /src/Game.js" "Mozilla/5.0 (Windows NT 10.0; Win64; x64) AppleWebKit/537.36 (KHTML, like Gecko) Chrome/148.0.7778.96 Safari/537.36"
[2026-05-28T13:59:32.450Z]  "GET /src/Game.js" "Mozilla/5.0 (Windows NT 10.0; Win64; x64) AppleWebKit/537.36 (KHTML, like Gecko) Chrome/148.0.7778.96 Safari/537.36"
[2026-05-28T13:59:32.483Z]  "GET /src/Player.js" "Mozilla/5.0 (Windows NT 10.0; Win64; x64) AppleWebKit/537.36 (KHTML, like Gecko) Chrome/148.0.7778.96 Safari/537.36"
[2026-05-28T13:59:32.510Z]  "GET /src/Player.js" "Mozilla/5.0 (Windows NT 10.0; Win64; x64) AppleWebKit/537.36 (KHTML, like Gecko) Chrome/148.0.7778.96 Safari/537.36"
[2026-05-28T13:59:32.513Z]  "GET /src/Ball.js" "Mozilla/5.0 (Windows NT 10.0; Win64; x64) AppleWebKit/537.36 (KHTML, like Gecko) Chrome/148.0.7778.96 Safari/537.36"
[2026-05-28T13:59:32.515Z]  "GET /src/Renderer.js" "Mozilla/5.0 (Windows NT 10.0; Win64; x64) AppleWebKit/537.36 (KHTML, like Gecko) Chrome/148.0.7778.96 Safari/537.36"
[2026-05-28T13:59:32.516Z]  "GET /src/Network.js" "Mozilla/5.0 (Windows NT 10.0; Win64; x64) AppleWebKit/537.36 (KHTML, like Gecko) Chrome/148.0.7778.96 Safari/537.36"
[2026-05-28T13:59:32.520Z]  "GET /src/Ball.js" "Mozilla/5.0 (Windows NT 10.0; Win64; x64) AppleWebKit/537.36 (KHTML, like Gecko) Chrome/148.0.7778.96 Safari/537.36"
[2026-05-28T13:59:32.521Z]  "GET /src/Renderer.js" "Mozilla/5.0 (Windows NT 10.0; Win64; x64) AppleWebKit/537.36 (KHTML, like Gecko) Chrome/148.0.7778.96 Safari/537.36"
[2026-05-28T13:59:32.525Z]  "GET /src/Network.js" "Mozilla/5.0 (Windows NT 10.0; Win64; x64) AppleWebKit/537.36 (KHTML, like Gecko) Chrome/148.0.7778.96 Safari/537.36"
[2026-05-28T13:59:32.527Z]  "GET /src/AudioManager.js" "Mozilla/5.0 (Windows NT 10.0; Win64; x64) AppleWebKit/537.36 (KHTML, like Gecko) Chrome/148.0.7778.96 Safari/537.36"
[2026-05-28T13:59:32.529Z]  "GET /src/AudioManager.js" "Mozilla/5.0 (Windows NT 10.0; Win64; x64) AppleWebKit/537.36 (KHTML, like Gecko) Chrome/148.0.7778.96 Safari/537.36"
